SnuSnuRoot successful clean-state lifecycle

$ ./runme.sh root
device=G001KT0511960U8G
boot_completed=1
installing agent.jar
installing libcodex_jni.so
installing libhwbinder_target.so
agent.jar=ready sha256=3e77c61f3cf6b3474bddb627f48da07ecc1cdcd6f1039deaa199dd882f28c62b
libcodex_jni.so=ready sha256=cb9607a24d5ada10e0a173be3857e8801ac8f256af131eb64fa5f627b0dc76e6
libhwbinder_target.so=ready sha256=e98136f62d4d64db7afe212cf64325ef32acfc3663e63024244a156346f35583
** PHASE A: staging waiter (consumes this boot's one-shot) **
/tmp/snusnuroot-remote-final.5o2bCi/scripts/rootsvc_payload.sh: 1 file pushed, 0 skipped. 4.3 MB/s (519 bytes in 0.000s)
waiter armed; restore_value=1788321327560
reboot before running reroot_after_boot.sh
staging complete; rebooting to a fresh boot
device=G001KT0511960U8G
boot_completed=1
** PHASE B: successful clean-boot attempt **

== 1/7 boot state ==
boot=1 saved_time=WAITER_ARMED restore_value=1788321327560 exemptions=null

== boot-wiring precheck ==
wiring_failure_lines=0

== 2/7 carrier up on 127.0.0.1:43271 ==
carrier absent -> respawn via WebViewZygoteInit injection
preload_response=preload_response=1
carrier respawned, PONG
carrier_identity=uid=10100 pid=1987 context=u:r:amazon_app:s0 status=Uid: 10100 10100 10100 10100;Gid: 10100 10100 10100 10100;Groups: 3003 ;CapEff: 0000000000000000

== 3/7 stateful leak (boot-spent on ENODATA; reboot to retry) ==
HWBINDER_STATEFUL HWBINDER_STATEFUL result=0x5000000000000000 file=0x4444444444444444 node=0x844
leak confirmed: HWBINDER_STATEFUL result=0x5000000000000000 file=0x4444444444444444 node=0x844

== 4/7 write null to selinux_enforcing ==
HWBINDER_STATEFUL_WRITE HWBINDER_STATEFUL_WRITE result=0x5100000000000000

== 5/7 verify Permissive ==
getenforce=Permissive

== 6/7 wait for pre-armed uid-0 time_update handoff ==
root_service=0
u:r:time_update:s0
--------- beginning of system
--------- beginning of crash
--------- beginning of main
09-06 19:37:46.605  3791  3791 I REROOTWAIT: started uid=0 ctx=u:r:time_update:s0
09-06 19:37:46.636  3793  3793 I REROOTWAIT: permissive observed
09-06 19:37:46.733  3800  3800 I REROOT  : paydone uid=0 ctx=u:r:time_update:s0
09-06 19:37:46.792  3803  3803 I ROOTSVC : start uid=0 ctx=u:r:time_update:s0
09-06 19:37:46.849  3809  3809 I ROOTSVC : listener pid=3806
saved_time_now=x[$(sleep 30;/system/bin/sh /data/securedStorageLocation/w/b)]000
time_update_svc=running

== 7/7 exit-state guard ==
saved_time_state=x[$(sleep 30;/system/bin/sh /data/securedStorageLocation/w/b)]000
saved_time still armed -> persistent-root waiter re-fires every boot
exemptions=null
enforce=Permissive
OK reroot flow complete

persistence_state=ARMED
Persistent-root waiter stays armed; every fresh boot re-installs
the uid-0 listener on 127.0.0.1:4325 within ~30s of boot.
Use: printf 'id
exit
' | adb shell 'toybox nc -w 3 127.0.0.1 4325'
bounded_retry_root_exit=0
bounded_retry_finished=2026-09-06T19:37:25-05:00

command=./runme.sh bootstrap
[snusnu-magisk] staging device helper and ARM64 Magisk binaries
/home/void/SnuSnuRoot/prebuilt/device/arm64-v8a/magisk: 1 file pushed, 0 skipped. 593.6 MB/s (2715648 bytes in 0.004s)
/home/void/SnuSnuRoot/prebuilt/device/arm64-v8a/magiskpolicy: 1 file pushed, 0 skipped. 679.2 MB/s (2669968 bytes in 0.004s)
/tmp/snusnu-magisk-device.0f1n1D: 1 file pushed, 0 skipped. 39.9 MB/s (15849 bytes in 0.000s)
[snusnu-magisk] staging matching stub.apk (trusted Manager certificate)
/tmp/snusnu-magisk-stub.3DhJhi: 1 file pushed, 0 skipped. 155.4 MB/s (29057 bytes in 0.000s)
[snusnu-magisk] starting live Magisk runtime through existing root listener
[snusnu-magisk-device] preflight: staged binary execution
[snusnu-magisk-device] magisk local version: 8c4341e9:MAGISK:R (30700)
[snusnu-magisk-device] preserving original /sbin via bind mount
[snusnu-magisk-device] mounting Magisk tmpfs on /sbin
[snusnu-magisk-device] re-exposing original /sbin entries
[snusnu-magisk-device] restored bind file: /sbin/charger
[snusnu-magisk-device] restored bind file: /sbin/crashreport
[snusnu-magisk-device] restored symlink: /sbin/ueventd -> ../init
[snusnu-magisk-device] restored symlink: /sbin/watchdogd -> ../init
[snusnu-magisk-device] restored 4 original /sbin entries
[snusnu-magisk-device] installing Magisk runtime binaries
[snusnu-magisk-device] creating Magisk runtime layout
[snusnu-magisk-device] creating persistent Magisk state directories
[snusnu-magisk-device] creating private Magisk worker tmpfs
[snusnu-magisk-device] verifying MAGISKTMP discovery
[snusnu-magisk-device] applying Magisk live SELinux policy
[snusnu-magisk-device] Magisk policy applied from: /vendor/etc/selinux/precompiled_sepolicy
[snusnu-magisk-device] starting magiskd
[snusnu-magisk-device] magiskd version: 8c4341e9:MAGISK:R
[snusnu-magisk-device] magiskd pid: 4582
[snusnu-magisk-device] magiskd context: u:r:magisk:s0
[snusnu-magisk-device] staging stub.apk for trusted Manager certificate
[snusnu-magisk-device] running magisk post-fs-data to consume stub (sets trusted_cert)
[snusnu-magisk-device] post-fs-data rc=0
[snusnu-magisk-device] stub.apk consumed: trusted Manager certificate bound
[snusnu-magisk-device] testing Magisk su applet from existing uid-0 context
[snusnu-magisk-device] root-context su result: uid=0(root) gid=1000(system) groups=1000(system),2000(shell) context=u:r:magisk:s0
[snusnu-magisk-device] Phase 1 runtime bootstrap succeeded
uid=0
context=u:r:time_update:s0
selinux=Permissive
--- /sbin mount ---
magisk /sbin tmpfs rw,seclabel,relatime,mode=755,gid=1000 0 0
--- preservation ---
original_sbin_bind=mounted
--- Magisk runtime ---
magisk_runtime=present
local_version=8c4341e9:MAGISK:R (30700)
magisk_path=/sbin
daemon_version=8c4341e9:MAGISK:R
daemon_version_code=30700
magiskd_pid=4582
magiskd_context=u:r:magisk:s0srw-rw-rw- 1 root system 0 2026-09-06 19:39 /sbin/.magisk/device/socket
worker_mount=present
magisk /sbin/.magisk/worker tmpfs rw,seclabel,relatime,mode=755,gid=1000 0 0
--- /data/adb ---
drwx------ 6 root system 4096 2026-09-06 19:39 /data/adb
drwx------ 2 root root   4096 2026-09-06 19:39 /data/adb/magisk
drwx------ 2 root system 4096 2026-09-06 19:39 /data/adb/modules
drwx------ 2 root system 4096 2026-09-06 19:39 /data/adb/post-fs-data.d
drwx------ 2 root system 4096 2026-09-06 19:39 /data/adb/service.d
[snusnu-magisk] post-start checks
getenforce=Permissive
magisk=8c4341e9:MAGISK:R
path=/sbin
root          4582     1   20964   4792 __skb_recv_datagram 79e4b9fd70 S magiskd
[snusnu-magisk] verifying non-root adb-shell can reach magiskd
8c4341e9:MAGISK:R
[snusnu-magisk] probing non-root adb-shell su path (8 second limit; GUI authorization may not exist yet)

[snusnu-magisk] non-root adb-shell su request timed out; this is compatible with pending Manager authorization
[snusnu-magisk] start complete

command=./runme.sh manager
path=/sbin
version=8c4341e9:MAGISK:R
socket=yes
root          4582     1   20964   5684 __skb_recv_datagram 79e4b9fd70 S magiskd
[snusnu-magisk-manager] using packaged prebuilt revision 8c4341e9288360010495a2bc3b46fd2e3f505f9f (no git checkout; builder unavailable)
[snusnu-magisk-manager] using packaged prebuilt revision 8c4341e9288360010495a2bc3b46fd2e3f505f9f (no git checkout; builder unavailable)
[snusnu-magisk-manager] full ARM64 native packaging set already present
[snusnu-magisk-manager] using existing matching APK: /home/void/SnuSnuRoot/magisk/out/app-release.apk
[snusnu-magisk-manager] Manager APK package: com.topjohnwu.magisk
[snusnu-magisk-manager] verifying bootstrap trust binding and staging matching BusyBox
/tmp/snusnu-magisk-manager.7IR83k/busybox: 1 file pushed, 0 skipped. 2029.1 MB/s (1710600 bytes in 0.001s)
[snusnu-magisk-manager] installing Manager package com.topjohnwu.magisk
Performing Streamed Install
Success
[snusnu-magisk-manager] Manager UID: 10192
[snusnu-magisk-manager] running Magisk service stage
service_rc=0
[snusnu-magisk-manager] running Magisk boot-complete stage (this performs Manager discovery)
boot_complete_rc=0
[snusnu-magisk-manager] magiskd still responds: 8c4341e9:MAGISK:R
[snusnu-magisk-manager] launching com.topjohnwu.magisk
[snusnu-magisk-manager] Manager launch requested
[snusnu-magisk-manager] Phase 2 setup complete

Next:
  /home/void/SnuSnuRoot/scripts/snusnu_magisk_manager.sh request

When the authorization prompt appears on the tablet, choose Allow or Deny.
path=/sbin
version=8c4341e9:MAGISK:R
socket=yes
root          4582     1   23076   5684 __skb_recv_datagram 79e4b9fd70 S magiskd
package=com.topjohnwu.magisk
manager_installed=yes
manager_uid=10192
    versionCode=30700 minSdk=23 targetSdk=37
    versionName=8c4341e9
magisk_path=/sbin
daemon_version=8c4341e9:MAGISK:R
selinux=Permissive
daemon_socket=yes
persistent_busybox=yes
runtime_busybox=no
[snusnu-magisk-manager] current MagiskSU policy rows
manager_retry_exit=0
manager_retry_finished=2026-09-06T19:39:21-05:00

command=./runme.sh arm
device=G001KT0511960U8G
boot_completed=1
/home/void/SnuSnuRoot/scripts/snusnu_boot_entry.sh: 1 file pushed, 0 skipped. 3.3 MB/s (349 bytes in 0.000s)
/home/void/SnuSnuRoot/scripts/snusnu_waiter.sh: 1 file pushed, 0 skipped. 14.7 MB/s (1916 bytes in 0.000s)
/home/void/SnuSnuRoot/scripts/snusnu_magisk_device_restore.sh: 1 file pushed, 0 skipped. 102.6 MB/s (14215 bytes in 0.000s)
/home/void/SnuSnuRoot/prebuilt/device/arm64-v8a/snusnu_hwbinder_root: 1 file pushed, 0 skipped. 856.9 MB/s (214464 bytes in 0.000s)
/home/void/SnuSnuRoot/prebuilt/device/arm64-v8a/magisk: 1 file pushed, 0 skipped. 847.8 MB/s (2715648 bytes in 0.003s)
/home/void/SnuSnuRoot/prebuilt/device/arm64-v8a/magiskpolicy: 1 file pushed, 0 skipped. 2171.5 MB/s (2669968 bytes in 0.001s)
/home/void/SnuSnuRoot/prebuilt/device/arm64-v8a/stub.apk: 1 file pushed, 0 skipped. 158.2 MB/s (29057 bytes in 0.000s)
staged -> /data/local/tmp/snusnu-stage (copied into place via uid-1000 channel below)
autonomous persistence already armed; APK refreshed and permission verified
persistence_fast_arm_exit=0
persistence_fast_arm_finished=2026-09-06T19:45:43-05:00

command=adb reboot; ./runme.sh verify
device=G001KT0511960U8G
device=G001KT0511960U8G
== persistence ==
armed=yes (autonomous trigger)
disable_sentinel=absent
boot_actor=installed
boot_actor_enabled=1
boot_actor_result=kernel_write_ok
boot_actor_boot_id=8e16cdb9-22c9-4eec-850f-94320473498d
rearm_result=ok
retry_count=0
native_result=HWBINDER_STATEFUL result=0x5000000000000000;HWBINDER_STATEFUL_WRITE result=0x5100000000000000;__SNU_NATIVE_0__
resident_carrier=system        1842     1   21276    924 0                   0 S snusnu_hwbinder_root
write_secure_settings=      android.permission.WRITE_SECURE_SETTINGS: granted=true

== autonomous boot helper ==
boot_helper=installed
last_log_line=
boot_result=
consecutive_failures=

== SELinux ==
getenforce=Permissive

== uid-0 root listener (127.0.0.1:4325) ==
listener=up (uid-0 reply: 0)

== Magisk runtime ==
grep: (standard input): binary file matches
runtime=present
daemon_socket=present

== magiskd daemon ==
magiskd=root          2400     1   21092   4960 0                   0 S magiskd

== Manager ==
manager_installed=yes

== recent persistence log ==
--------- beginning of main
09-06 19:47:59.540  2597  2597 I SNUSNU_WAITER: uid=0 ok listener=uid0 magisk=ok
09-06 19:47:59.560  2599  2599 I REROOTWAIT: waiter.sh rc=0
VERIFY_OK persistence survived reboot and restored uid-0/Magisk
